// Jest Snapshot v1, https://goo.gl/fbAQLP

exports[`List component Renders the UI as expected 1`] = `
<div>
  <section
    className="List"
  >
    <header
      className="List-header"
    >
      <h2>
        
      </h2>
    </header>
    <div
      className="List-cards"
    >
      <div>
        <button
          className="List-add-button"
          type="button"
        >
          + Add Random Card
        </button>
      </div>
    </div>
  </section>
</div>
`;
